###############################################################################
#
# IAR ELF Linker V3.10.1.201 for STM8                     24/Sep/2019  16:35:54
# Copyright 2010-2017 IAR Systems AB.
#
#    Output file  =  C:\C Pan\work\PC_TW\PC_TW\TW_40W\Exe\PC_TW.out
#    Map file     =  C:\C Pan\work\PC_TW\PC_TW\TW_40W\List\PC_TW.map
#    Command line =  
#        -f C:\Users\CHUNJU~1.JIA\AppData\Local\Temp\EWA664.tmp ("C:\C
#        Pan\work\PC_TW\PC_TW\TW_40W\Obj\hal_digital.o" "C:\C
#        Pan\work\PC_TW\PC_TW\TW_40W\Obj\main.o" "C:\C
#        Pan\work\PC_TW\PC_TW\TW_40W\Obj\stm8s_adc1.o" "C:\C
#        Pan\work\PC_TW\PC_TW\TW_40W\Obj\stm8s_clk.o" "C:\C
#        Pan\work\PC_TW\PC_TW\TW_40W\Obj\stm8s_exti.o" "C:\C
#        Pan\work\PC_TW\PC_TW\TW_40W\Obj\stm8s_flash.o" "C:\C
#        Pan\work\PC_TW\PC_TW\TW_40W\Obj\stm8s_gpio.o" "C:\C
#        Pan\work\PC_TW\PC_TW\TW_40W\Obj\stm8s_itc.o" "C:\C
#        Pan\work\PC_TW\PC_TW\TW_40W\Obj\stm8s_iwdg.o" "C:\C
#        Pan\work\PC_TW\PC_TW\TW_40W\Obj\stm8s_tim1.o" "C:\C
#        Pan\work\PC_TW\PC_TW\TW_40W\Obj\stm8s_tim2.o" "C:\C
#        Pan\work\PC_TW\PC_TW\TW_40W\Obj\stm8s_uart1.o" --redirect
#        _Printf=_PrintfSmall --redirect _Scanf=_ScanfSmall -o "C:\C
#        Pan\work\PC_TW\PC_TW\TW_40W\Exe\PC_TW.out" --map "C:\C
#        Pan\work\PC_TW\PC_TW\TW_40W\List\PC_TW.map" --config "C:\Program Files
#        (x86)\IAR Systems\Embedded Workbench
#        8.0\stm8\config\lnkstm8s103k3.icf" --config_def _CSTACK_SIZE=0x100
#        --config_def _HEAP_SIZE=0x100 --entry __iar_program_start --debug_lib)
#
###############################################################################

*******************************************************************************
*** RUNTIME MODEL ATTRIBUTES
***

__SystemLibrary            = DLib
__code_model               = small
__core                     = stm8
__data_model               = medium
__dlib_file_descriptor     = 0
__dlib_full_locale_support = 0
__rt_version               = 4


*******************************************************************************
*** PLACEMENT SUMMARY
***

"A0":  place at start of [0x000000-0x0000ff] { rw section .vregs };
"A1":  place at end of [0x000000-0x0003ff] { block CSTACK };
"P2":  place in [from 0x000000 to 0x0003ff] {
          block HEAP, rw section __DLIB_PERTHREAD, rw section .far.bss,
          rw section .far.data, rw section .far.noinit,
          rw section .far_func.textrw, rw section .huge.bss,
          rw section .huge.data, rw section .huge.noinit,
          rw section .huge_func.textrw, rw section .iar.dynexit,
          rw section .near.bss, rw section .near.data, rw section .near.noinit,
          rw section .near_func.textrw };
"A2":  place at start of [0x008000-0x009fff] { block INTVEC };
"P3":  place in [from 0x008000 to 0x009fff] {
          ro section __DLIB_PERTHREAD_init, ro section .far.data_init,
          ro section .far_func.textrw_init, ro section .huge.data_init,
          ro section .huge_func.textrw_init, ro section .iar.init_table,
          ro section .init_array, ro section .near.data_init,
          ro section .near.rodata, ro section .near_func.text,
          ro section .near_func.textrw_init, ro section .tiny.data_init,
          ro section .tiny.rodata_init };
"P4":  place in [from 0x008000 to 0x009fff] {
          ro section .far.rodata, ro section .far_func.text };
"P5":  place in [from 0x008000 to 0x009fff] {
          ro section .huge.rodata, ro section .huge_func.text };
do not initialize {
   rw section .eeprom.noinit, rw section .far.noinit, rw section .huge.noinit,
   rw section .near.noinit, rw section .tiny.noinit, rw section .vregs };
initialize by copy {
   rw section .far.bss, rw section .far.data, rw section .far_func.textrw,
   rw section .huge.bss, rw section .huge.data, rw section .huge_func.textrw,
   rw section .iar.dynexit, rw section .near.bss, rw section .near.data,
   rw section .near_func.textrw, rw section .tiny.bss, rw section .tiny.data,
   ro section .tiny.rodata };

  Section            Kind      Address    Size  Object
  -------            ----      -------    ----  ------
"A0":                                     0x10
  .vregs             uninit   0x000000    0x10  vregs.o [4]
                            - 0x000010    0x10

"P2", part 1 of 2:                         0xb
  P2-1                        0x000010     0xb  <Init block>
    .near.data       inited   0x000010     0x1  hal_digital.o [1]
    .near.data       inited   0x000011     0x4  hal_digital.o [1]
    .near.data       inited   0x000015     0x4  main.o [1]
    .near.data       inited   0x000019     0x2  stm8s_itc.o [1]
                            - 0x00001b     0xb

"P2", part 2 of 2:                       0x114
  .near.bss          zero     0x00001b    0xc8  stm8s_itc.o [1]
  .near.bss          zero     0x0000e3     0x4  hal_digital.o [1]
  .near.bss          zero     0x0000e7     0x4  hal_digital.o [1]
  .near.bss          zero     0x0000eb     0x4  hal_digital.o [1]
  .near.bss          zero     0x0000ef     0x4  hal_digital.o [1]
  .near.bss          zero     0x0000f3     0x4  stm8s_itc.o [1]
  .near.bss          zero     0x0000f7     0x4  stm8s_itc.o [1]
  .near.bss          zero     0x0000fb     0x2  hal_digital.o [1]
  .near.bss          zero     0x0000fd     0x2  hal_digital.o [1]
  .near.bss          zero     0x0000ff     0x2  hal_digital.o [1]
  .near.bss          zero     0x000101     0x2  hal_digital.o [1]
  .near.bss          zero     0x000103     0x2  hal_digital.o [1]
  .near.bss          zero     0x000105     0x2  hal_digital.o [1]
  .near.bss          zero     0x000107     0x2  hal_digital.o [1]
  .near.bss          zero     0x000109     0x2  hal_digital.o [1]
  .near.bss          zero     0x00010b     0x2  hal_digital.o [1]
  .near.bss          zero     0x00010d     0x2  hal_digital.o [1]
  .near.bss          zero     0x00010f     0x2  hal_digital.o [1]
  .near.bss          zero     0x000111     0x2  main.o [1]
  .near.bss          zero     0x000113     0x2  main.o [1]
  .near.bss          zero     0x000115     0x2  stm8s_itc.o [1]
  .near.bss          zero     0x000117     0x2  stm8s_itc.o [1]
  .near.bss          zero     0x000119     0x2  stm8s_itc.o [1]
  .near.bss          zero     0x00011b     0x2  stm8s_itc.o [1]
  .near.bss          zero     0x00011d     0x1  hal_digital.o [1]
  .near.bss          zero     0x00011e     0x1  hal_digital.o [1]
  .near.bss          zero     0x00011f     0x1  hal_digital.o [1]
  .near.bss          zero     0x000120     0x1  hal_digital.o [1]
  .near.bss          zero     0x000121     0x1  hal_digital.o [1]
  .near.bss          zero     0x000122     0x1  hal_digital.o [1]
  .near.bss          zero     0x000123     0x1  hal_digital.o [1]
  .near.bss          zero     0x000124     0x1  hal_digital.o [1]
  .near.bss          zero     0x000125     0x1  hal_digital.o [1]
  .near.bss          zero     0x000126     0x1  hal_digital.o [1]
  .near.bss          zero     0x000127     0x1  hal_digital.o [1]
  .near.bss          zero     0x000128     0x1  hal_digital.o [1]
  .near.bss          zero     0x000129     0x1  hal_digital.o [1]
  .near.bss          zero     0x00012a     0x1  main.o [1]
  .near.bss          zero     0x00012b     0x1  stm8s_itc.o [1]
  .near.bss          zero     0x00012c     0x1  stm8s_itc.o [1]
  .near.bss          zero     0x00012d     0x1  stm8s_itc.o [1]
  .near.bss          zero     0x00012e     0x1  stm8s_itc.o [1]
                            - 0x00012f   0x114

"A1":                                    0x100
  CSTACK                      0x000300   0x100  <Block>
    CSTACK           uninit   0x000300   0x100  <Block tail>
                            - 0x000400   0x100

"A2":                                     0x80
  INTVEC                      0x008000    0x80  <Block>
    .intvec          const    0x008000    0x80  interrupt.o [4]
                            - 0x008080    0x80

"P3-P5":                                0x1532
  .near_func.text    ro code  0x008080   0x226  stm8s_uart1.o [1]
  .near_func.text    ro code  0x0082a6   0x1b4  long.o [4]
  .near_func.text    ro code  0x00845a   0x1af  main.o [1]
  .near_func.text    ro code  0x008609   0x144  stm8s_itc.o [1]
  .near_func.text    ro code  0x00874d   0x12a  stm8s_itc.o [1]
  .near_func.text    ro code  0x008877   0x10e  stm8s_gpio.o [1]
  .near_func.text    ro code  0x008985    0xf1  hal_digital.o [1]
  .near_func.text    ro code  0x008a76    0xe5  vreg_util.o [4]
  .near_func.text    ro code  0x008b5b    0xe1  hal_digital.o [1]
  .near_func.text    ro code  0x008c3c    0xce  stm8s_exti.o [1]
  .near_func.text    ro code  0x008d0a    0xc2  hal_digital.o [1]
  .near_func.text    ro code  0x008dcc    0x91  hal_digital.o [1]
  .near_func.text    ro code  0x008e5d    0x7b  stm8s_clk.o [1]
  .near_func.text    ro code  0x008ed8    0x78  hal_digital.o [1]
  .near.rodata       const    0x008f50    0x66  hal_digital.o [1]
  .near_func.text    ro code  0x008fb6    0x5c  stm8s_flash.o [1]
  .near_func.text    ro code  0x009012    0x56  hal_digital.o [1]
  .near_func.text    ro code  0x009068    0x55  long_util.o [4]
  .near_func.text    ro code  0x0090bd    0x52  stm8s_flash.o [1]
  .near_func.text    ro code  0x00910f    0x51  hal_digital.o [1]
  .near_func.text    ro code  0x009160    0x44  stm8s_iwdg.o [1]
  .near_func.text    ro code  0x0091a4    0x3d  stm8s_clk.o [1]
  .near_func.text    ro code  0x0091e1    0x3b  stm8s_flash.o [1]
  .near.rodata       const    0x00921c    0x39  stm8s_flash.o [1]
  .near.rodata       const    0x009255    0x39  stm8s_uart1.o [1]
  .near.rodata       const    0x00928e    0x38  stm8s_exti.o [1]
  .near.rodata       const    0x0092c6    0x38  stm8s_gpio.o [1]
  .near.rodata       const    0x0092fe    0x38  stm8s_iwdg.o [1]
  .near.rodata       const    0x009336    0x37  stm8s_clk.o [1]
  .near_func.text    ro code  0x00936d    0x36  stm8s_clk.o [1]
  .near_func.text    ro code  0x0093a3    0x34  hal_digital.o [1]
  .near_func.text    ro code  0x0093d7    0x31  stm8s_adc1.o [1]
  .near_func.text    ro code  0x009408    0x2b  stm8s_flash.o [1]
  .near_func.text    ro code  0x009433    0x2b  short.o [4]
  .near_func.text    ro code  0x00945e    0x28  init_small.o [4]
  .near_func.text    ro code  0x009486    0x25  dc_util.o [4]
  .iar.init_table    const    0x0094ab    0x12  - Linker created -
  .near_func.text    ro code  0x0094bd    0x1e  init_small.o [4]
  .near_func.text    ro code  0x0094db    0x1a  hal_digital.o [1]
  .near_func.text    ro code  0x0094f5    0x17  hal_digital.o [1]
  .near_func.text    ro code  0x00950c    0x14  init.o [4]
  .near_func.text    ro code  0x009520    0x14  __dbg_xxexit.o [3]
  .near_func.text    ro code  0x009534    0x13  cstartup.o [4]
  .near_func.text    ro code  0x009547     0xe  stm8s_uart1.o [1]
  Initializer bytes  const    0x009555     0xb  <for P2-1>
  .near_func.text    ro code  0x009560     0x9  stm8s_tim1.o [1]
  .near_func.text    ro code  0x009569     0x9  stm8s_tim1.o [1]
  .near_func.text    ro code  0x009572     0x8  hal_digital.o [1]
  .near_func.text    ro code  0x00957a     0x6  char.o [4]
  .near_func.text    ro code  0x009580     0x5  cexit.o [4]
  .near.rodata       const    0x009585     0x4  stm8s_clk.o [1]
  .near_func.text    ro code  0x009589     0x4  stm8s_iwdg.o [1]
  .near_func.text    ro code  0x00958d     0x4  stm8s_uart1.o [1]
  .near_func.text    ro code  0x009591     0x3  interrupt.o [4]
  .near_func.text    ro code  0x009594     0x3  low_level_init.o [4]
  .near_func.text    ro code  0x009597     0x3  exit.o [4]
  .near_func.text    ro code  0x00959a     0x3  unhandled_exception.o [4]
  .near_func.text    ro code  0x00959d     0x2  main.o [1]
  .near_func.text    ro code  0x00959f     0x1  stm8s_itc.o [1]
  .near_func.text    ro code  0x0095a0     0x1  stm8s_itc.o [1]
  .near_func.text    ro code  0x0095a1     0x1  stm8s_itc.o [1]
  .near_func.text    ro code  0x0095a2     0x1  stm8s_itc.o [1]
  .near_func.text    ro code  0x0095a3     0x1  stm8s_itc.o [1]
  .near_func.text    ro code  0x0095a4     0x1  stm8s_itc.o [1]
  .near_func.text    ro code  0x0095a5     0x1  stm8s_itc.o [1]
  .near_func.text    ro code  0x0095a6     0x1  stm8s_itc.o [1]
  .near_func.text    ro code  0x0095a7     0x1  stm8s_itc.o [1]
  .near_func.text    ro code  0x0095a8     0x1  stm8s_itc.o [1]
  .near_func.text    ro code  0x0095a9     0x1  stm8s_itc.o [1]
  .near_func.text    ro code  0x0095aa     0x1  stm8s_itc.o [1]
  .near_func.text    ro code  0x0095ab     0x1  stm8s_itc.o [1]
  .near_func.text    ro code  0x0095ac     0x1  stm8s_itc.o [1]
  .near_func.text    ro code  0x0095ad     0x1  stm8s_itc.o [1]
  .near_func.text    ro code  0x0095ae     0x1  stm8s_itc.o [1]
  .near_func.text    ro code  0x0095af     0x1  stm8s_itc.o [1]
  .near_func.text    ro code  0x0095b0     0x1  stm8s_itc.o [1]
  .near_func.text    ro code  0x0095b1     0x1  __dbg_break.o [3]
                            - 0x0095b2  0x1532


*******************************************************************************
*** INIT TABLE
***

          Address   Size
          -------   ----
Zero (__iar_zero_init2)
    1 destination range, total size 0x114:
          0x00001b  0x114

Copy (__iar_copy_init2)
    1 source range, total size 0xb:
          0x009555    0xb
    1 destination range, total size 0xb:
          0x000010    0xb



*******************************************************************************
*** MODULE SUMMARY
***

    Module                 ro code  ro data  rw data
    ------                 -------  -------  -------
C:\C Pan\work\PC_TW\PC_TW\TW_40W\Obj: [1]
    hal_digital.o            1 201      107       56
    main.o                     433        4        9
    stm8s_adc1.o                49
    stm8s_clk.o                238       59
    stm8s_exti.o               206       56
    stm8s_flash.o              276       57
    stm8s_gpio.o               270       56
    stm8s_itc.o                640        2      222
    stm8s_iwdg.o                72       56
    stm8s_tim1.o                18
    stm8s_uart1.o              568       57
    ------------------------------------------------
    Total:                   3 971      454      287

command line: [2]
    ------------------------------------------------
    Total:

dbgstm8smd.a: [3]
    __dbg_break.o                1
    __dbg_xxexit.o              20
    ------------------------------------------------
    Total:                      21

dlstm8smn.a: [4]
    cexit.o                      5
    char.o                       6
    cstartup.o                  19
    dc_util.o                   37
    exit.o                       3
    init.o                      20
    init_small.o                70
    interrupt.o                  3      128
    long.o                     436
    long_util.o                 85
    low_level_init.o             3
    short.o                     43
    unhandled_exception.o        3
    vreg_util.o                229
    vregs.o                                       16
    ------------------------------------------------
    Total:                     962      128       16

    Linker created                       18      256
----------------------------------------------------
    Grand Total:             4 954      600      559


*******************************************************************************
*** ENTRY LIST
***

Entry                    Address   Size  Type      Object
-----                    -------   ----  ----      ------
.iar.init_table$$Base   0x0094ab          --   Gb  - Linker created -
.iar.init_table$$Limit  0x0094bd          --   Gb  - Linker created -
?add32_l0_l0_0x         0x0082dc         Code  Gb  long.o [4]
?add32_l0_l0_dl         0x0082d7         Code  Gb  long.o [4]
?b0                     0x000000         Data  Gb  vregs.o [4]
?b1                     0x000001         Data  Gb  vregs.o [4]
?b10                    0x00000a         Data  Gb  vregs.o [4]
?b11                    0x00000b         Data  Gb  vregs.o [4]
?b12                    0x00000c         Data  Gb  vregs.o [4]
?b13                    0x00000d         Data  Gb  vregs.o [4]
?b14                    0x00000e         Data  Gb  vregs.o [4]
?b15                    0x00000f         Data  Gb  vregs.o [4]
?b2                     0x000002         Data  Gb  vregs.o [4]
?b3                     0x000003         Data  Gb  vregs.o [4]
?b4                     0x000004         Data  Gb  vregs.o [4]
?b5                     0x000005         Data  Gb  vregs.o [4]
?b6                     0x000006         Data  Gb  vregs.o [4]
?b7                     0x000007         Data  Gb  vregs.o [4]
?b8                     0x000008         Data  Gb  vregs.o [4]
?b9                     0x000009         Data  Gb  vregs.o [4]
?dc32_l0                0x009486         Code  Gb  dc_util.o [4]
?dc32_l1                0x009493         Code  Gb  dc_util.o [4]
?dc32_px                0x0094a0         Code  Gb  dc_util.o [4]
?dec32_0x_0x            0x0082c3         Code  Gb  long.o [4]
?dec32_l0_l0            0x0082be         Code  Gb  long.o [4]
?e0                     0x000001         Data  Gb  vregs.o [4]
?e1                     0x000005         Data  Gb  vregs.o [4]
?e2                     0x000009         Data  Gb  vregs.o [4]
?e3                     0x00000d         Data  Gb  vregs.o [4]
?epilogue_l2            0x008b05         Code  Gb  vreg_util.o [4]
?epilogue_l2_l3         0x008b02         Code  Gb  vreg_util.o [4]
?epilogue_w4            0x008b09         Code  Gb  vreg_util.o [4]
?inc32_0x_0x            0x0082b0         Code  Gb  long.o [4]
?inc32_l0_l0            0x0082a6         Code  Gb  long.o [4]
?inc32_l1_l1            0x0082ab         Code  Gb  long.o [4]
?l0                     0x000000         Data  Gb  vregs.o [4]
?l1                     0x000004         Data  Gb  vregs.o [4]
?l2                     0x000008         Data  Gb  vregs.o [4]
?l3                     0x00000c         Data  Gb  vregs.o [4]
?load32_0x_l0           0x0090a1         Code  Gb  long_util.o [4]
?load32_0x_l1           0x0090af         Code  Gb  long_util.o [4]
?load32_asp_l0          0x009095         Code  Gb  long_util.o [4]
?load32_dbsp_l0         0x009090         Code  Gb  long_util.o [4]
?load32_l0_0x           0x009078         Code  Gb  long_util.o [4]
?load32_l0_asp          0x00906d         Code  Gb  long_util.o [4]
?load32_l0_dbsp         0x009068         Code  Gb  long_util.o [4]
?load32_l0_xsp          0x00906f         Code  Gb  long_util.o [4]
?load32_l1_0x           0x009084         Code  Gb  long_util.o [4]
?load32_xsp_l0          0x009097         Code  Gb  long_util.o [4]
?mov_e0_e1              0x008b10         Code  Gb  vreg_util.o [4]
?mov_e0_e2              0x008b1d         Code  Gb  vreg_util.o [4]
?mov_e0_e3              0x008b2a         Code  Gb  vreg_util.o [4]
?mov_e1_e0              0x008b37         Code  Gb  vreg_util.o [4]
?mov_e2_e0              0x008b44         Code  Gb  vreg_util.o [4]
?mov_e3_e0              0x008b51         Code  Gb  vreg_util.o [4]
?mov_l0_l1              0x008b0d         Code  Gb  vreg_util.o [4]
?mov_l0_l2              0x008b1a         Code  Gb  vreg_util.o [4]
?mov_l0_l3              0x008b27         Code  Gb  vreg_util.o [4]
?mov_l1_l0              0x008b34         Code  Gb  vreg_util.o [4]
?mov_l2_l0              0x008b41         Code  Gb  vreg_util.o [4]
?mov_l3_l0              0x008b4e         Code  Gb  vreg_util.o [4]
?mov_w1_w3              0x008b13         Code  Gb  vreg_util.o [4]
?mov_w1_w5              0x008b20         Code  Gb  vreg_util.o [4]
?mov_w1_w7              0x008b2d         Code  Gb  vreg_util.o [4]
?mov_w3_w1              0x008b3a         Code  Gb  vreg_util.o [4]
?mov_w5_w1              0x008b47         Code  Gb  vreg_util.o [4]
?mov_w7_w1              0x008b54         Code  Gb  vreg_util.o [4]
?mul16_x_x_w0           0x009433         Code  Gb  short.o [4]
?mul32_l0_l0_0x         0x008315         Code  Gb  long.o [4]
?mul32_l0_l0_dl         0x008312         Code  Gb  long.o [4]
?mul32_l0_l0_l1         0x00831e         Code  Gb  long.o [4]
?pop_l0                 0x008ace         Code  Gb  vreg_util.o [4]
?pop_l1                 0x008ad9         Code  Gb  vreg_util.o [4]
?pop_l2                 0x008ae4         Code  Gb  vreg_util.o [4]
?pop_l3                 0x008aef         Code  Gb  vreg_util.o [4]
?pop_w4                 0x008a8e         Code  Gb  vreg_util.o [4]
?push_l0                0x008a9d         Code  Gb  vreg_util.o [4]
?push_l1                0x008aa2         Code  Gb  vreg_util.o [4]
?push_l2                0x008aa7         Code  Gb  vreg_util.o [4]
?push_l3                0x008aac         Code  Gb  vreg_util.o [4]
?push_w4                0x008a76         Code  Gb  vreg_util.o [4]
?scmp32_c_l0_l1         0x008421         Code  Gb  long.o [4]
?sll16_x_x_a            0x009451         Code  Gb  short.o [4]
?sll32_0x_0x_a          0x00843b         Code  Gb  long.o [4]
?sll32_l0_l0_a          0x008438         Code  Gb  long.o [4]
?sll8_a_a_5             0x00957b         Code  Gb  char.o [4]
?sll8_a_a_6             0x00957a         Code  Gb  char.o [4]
?sra32_0x_0x_a          0x00844c         Code  Gb  long.o [4]
?sra32_l0_l0_a          0x008449         Code  Gb  long.o [4]
?srl16_x_x_4            0x009459         Code  Gb  short.o [4]
?sub32_l0_dl_l1         0x0082f4         Code  Gb  long.o [4]
?sub32_l0_l0_0x         0x0082fa         Code  Gb  long.o [4]
?sub32_l0_l0_l1         0x0082f7         Code  Gb  long.o [4]
?ucmp32_c_l0_0x         0x008411         Code  Gb  long.o [4]
?udiv32_l0_dl_l1        0x00839c         Code  Gb  long.o [4]
?udiv32_l0_l0_dl        0x0083a1         Code  Gb  long.o [4]
?udiv32_l0_l0_l1        0x0083a4         Code  Gb  long.o [4]
?umod32_l1_l0_l1        0x0083a4         Code  Gb  long.o [4]
?w0                     0x000000         Data  Gb  vregs.o [4]
?w1                     0x000002         Data  Gb  vregs.o [4]
?w2                     0x000004         Data  Gb  vregs.o [4]
?w3                     0x000006         Data  Gb  vregs.o [4]
?w4                     0x000008         Data  Gb  vregs.o [4]
?w5                     0x00000a         Data  Gb  vregs.o [4]
?w6                     0x00000c         Data  Gb  vregs.o [4]
?w7                     0x00000e         Data  Gb  vregs.o [4]
ADC1_DeInit             0x0093d7   0x31  Code  Gb  stm8s_adc1.o [1]
ADC1_IRQHandler         0x0095ae    0x1  Code  Gb  stm8s_itc.o [1]
ADC_Config              0x00910f   0x51  Code  Gb  hal_digital.o [1]
AWU_IRQHandler          0x0095a1    0x1  Code  Gb  stm8s_itc.o [1]
CLK_Config              0x009572    0x8  Code  Gb  hal_digital.o [1]
CLK_DeInit              0x00936d   0x36  Code  Gb  stm8s_clk.o [1]
CLK_GetClockFreq        0x008e5d   0x7b  Code  Gb  stm8s_clk.o [1]
CLK_HSIPrescalerConfig  0x0091a4   0x3d  Code  Gb  stm8s_clk.o [1]
CLK_IRQHandler          0x0095a2    0x1  Code  Gb  stm8s_itc.o [1]
CSTACK$$Base            0x000300          --   Gb  - Linker created -
CSTACK$$Limit           0x000400          --   Gb  - Linker created -
Color_data_save         0x008985   0xf1  Code  Gb  hal_digital.o [1]
Color_data_save::count  0x000129    0x1  Data  Lc  hal_digital.o [1]
Color_data_save::save_count
                        0x000128    0x1  Data  Lc  hal_digital.o [1]
EEPROM_EEC_IRQHandler   0x0095b0    0x1  Code  Gb  stm8s_itc.o [1]
EXTI_PORTA_IRQHandler   0x0095a3    0x1  Code  Gb  stm8s_itc.o [1]
EXTI_PORTB_IRQHandler   0x0095a4    0x1  Code  Gb  stm8s_itc.o [1]
EXTI_PORTC_IRQHandler   0x0095a5    0x1  Code  Gb  stm8s_itc.o [1]
EXTI_PORTD_IRQHandler   0x008609  0x144  Code  Gb  stm8s_itc.o [1]
EXTI_PORTE_IRQHandler   0x0095a6    0x1  Code  Gb  stm8s_itc.o [1]
EXTI_SetExtIntSensitivity
                        0x008c3c   0xce  Code  Gb  stm8s_exti.o [1]
FLASH_Lock              0x009408   0x2b  Code  Gb  stm8s_flash.o [1]
FLASH_ProgramByte       0x008fb6   0x5c  Code  Gb  stm8s_flash.o [1]
FLASH_ReadByte          0x0090bd   0x52  Code  Gb  stm8s_flash.o [1]
FLASH_Unlock            0x0091e1   0x3b  Code  Gb  stm8s_flash.o [1]
GPIO_Config             0x008ed8   0x78  Code  Gb  hal_digital.o [1]
GPIO_Init               0x008877  0x10e  Code  Gb  stm8s_gpio.o [1]
HSIDivFactor            0x009585    0x4  Data  Gb  stm8s_clk.o [1]
I2C_IRQHandler          0x0095ad    0x1  Code  Gb  stm8s_itc.o [1]
INTVEC$$Base            0x008000          --   Gb  - Linker created -
INTVEC$$Limit           0x008080          --   Gb  - Linker created -
IWDG_Config             0x0094f5   0x17  Code  Gb  hal_digital.o [1]
IWDG_SetPrescaler       0x009160   0x44  Code  Gb  stm8s_iwdg.o [1]
IWDG_SetReload          0x009589    0x4  Code  Gb  stm8s_iwdg.o [1]
MCU_Ini                 0x0093a3   0x34  Code  Gb  hal_digital.o [1]
Region$$Table$$Base     0x0094ab          --   Gb  - Linker created -
Region$$Table$$Limit    0x0094bd          --   Gb  - Linker created -
SPI_IRQHandler          0x0095a7    0x1  Code  Gb  stm8s_itc.o [1]
TIM1_CAP_COM_IRQHandler
                        0x0095a9    0x1  Code  Gb  stm8s_itc.o [1]
TIM1_SetCompare3        0x009560    0x9  Code  Gb  stm8s_tim1.o [1]
TIM1_SetCompare4        0x009569    0x9  Code  Gb  stm8s_tim1.o [1]
TIM1_UPD_OVF_TRG_BRK_IRQHandler
                        0x0095a8    0x1  Code  Gb  stm8s_itc.o [1]
TIM2_CAP_COM_IRQHandler
                        0x0095aa    0x1  Code  Gb  stm8s_itc.o [1]
TIM2_UPD_OVF_BRK_IRQHandler
                        0x00874d  0x12a  Code  Gb  stm8s_itc.o [1]
TIM2_UPD_OVF_BRK_IRQHandler::ad_count
                        0x000119    0x2  Data  Lc  stm8s_itc.o [1]
TIM2_UPD_OVF_BRK_IRQHandler::interrupt_time
                        0x00011b    0x2  Data  Lc  stm8s_itc.o [1]
TIM2_UPD_OVF_BRK_IRQHandler::sys_count
                        0x000117    0x2  Data  Lc  stm8s_itc.o [1]
TIM4_UPD_OVF_IRQHandler
                        0x0095af    0x1  Code  Gb  stm8s_itc.o [1]
TLI_IRQHandler          0x0095a0    0x1  Code  Gb  stm8s_itc.o [1]
TRAP_IRQHandler         0x00959f    0x1  Code  Gb  stm8s_itc.o [1]
Time1_Config            0x008b5b   0xe1  Code  Gb  hal_digital.o [1]
Time2_Config            0x0094db   0x1a  Code  Gb  hal_digital.o [1]
UART1_Cmd               0x009547    0xe  Code  Gb  stm8s_uart1.o [1]
UART1_Init              0x008080  0x226  Code  Gb  stm8s_uart1.o [1]
UART1_RX_IRQHandler     0x0095ac    0x1  Code  Gb  stm8s_itc.o [1]
UART1_SendData8         0x00958d    0x4  Code  Gb  stm8s_uart1.o [1]
UART1_TX_IRQHandler     0x0095ab    0x1  Code  Gb  stm8s_itc.o [1]
V_Sample                0x008d0a   0xc2  Code  Gb  hal_digital.o [1]
V_Sample::s_data_1      0x000101    0x2  Data  Lc  hal_digital.o [1]
V_Sample::s_data_2      0x000103    0x2  Data  Lc  hal_digital.o [1]
V_Sample::s_data_3      0x000105    0x2  Data  Lc  hal_digital.o [1]
V_Sample::s_data_4      0x000107    0x2  Data  Lc  hal_digital.o [1]
V_Sample::s_data_5      0x000109    0x2  Data  Lc  hal_digital.o [1]
V_Sample::s_data_6      0x00010b    0x2  Data  Lc  hal_digital.o [1]
V_Sample::s_data_7      0x00010d    0x2  Data  Lc  hal_digital.o [1]
V_Sample::s_data_8      0x00010f    0x2  Data  Lc  hal_digital.o [1]
V_Sample::temp1         0x0000eb    0x4  Data  Lc  hal_digital.o [1]
V_Sample::temp2         0x0000ef    0x4  Data  Lc  hal_digital.o [1]
__DebugBreak            0x0095b1    0x1  Code  Gb  __dbg_break.o [3]
__exit                  0x009520   0x14  Code  Gb  __dbg_xxexit.o [3]
__iar_copy_init2        0x00945e         Code  Gb  init_small.o [4]
__iar_data_init2        0x00950c   0x14  Code  Gb  init.o [4]
__iar_program_start     0x009534         Code  Gb  cstartup.o [4]
__iar_unhandled_exception
                        0x00959a         Code  Gb  unhandled_exception.o [4]
__iar_zero_init2        0x0094bd         Code  Gb  init_small.o [4]
__intvec                0x008000         Data  Gb  interrupt.o [4]
__low_level_init        0x009594    0x3  Code  Gb  low_level_init.o [4]
_exit                   0x009580         Code  Gb  cexit.o [4]
_interrupt_1            0x00959f         Code  Gb  stm8s_itc.o [1]
_interrupt_12           0x0095a7         Code  Gb  stm8s_itc.o [1]
_interrupt_13           0x0095a8         Code  Gb  stm8s_itc.o [1]
_interrupt_14           0x0095a9         Code  Gb  stm8s_itc.o [1]
_interrupt_15           0x00874d         Code  Gb  stm8s_itc.o [1]
_interrupt_16           0x0095aa         Code  Gb  stm8s_itc.o [1]
_interrupt_19           0x0095ab         Code  Gb  stm8s_itc.o [1]
_interrupt_2            0x0095a0         Code  Gb  stm8s_itc.o [1]
_interrupt_20           0x0095ac         Code  Gb  stm8s_itc.o [1]
_interrupt_21           0x0095ad         Code  Gb  stm8s_itc.o [1]
_interrupt_24           0x0095ae         Code  Gb  stm8s_itc.o [1]
_interrupt_25           0x0095af         Code  Gb  stm8s_itc.o [1]
_interrupt_26           0x0095b0         Code  Gb  stm8s_itc.o [1]
_interrupt_3            0x0095a1         Code  Gb  stm8s_itc.o [1]
_interrupt_4            0x0095a2         Code  Gb  stm8s_itc.o [1]
_interrupt_5            0x0095a3         Code  Gb  stm8s_itc.o [1]
_interrupt_6            0x0095a4         Code  Gb  stm8s_itc.o [1]
_interrupt_7            0x0095a5         Code  Gb  stm8s_itc.o [1]
_interrupt_8            0x008609         Code  Gb  stm8s_itc.o [1]
_interrupt_9            0x0095a6         Code  Gb  stm8s_itc.o [1]
assert_failed           0x00959d    0x2  Code  Gb  main.o [1]
count_flag              0x00012b    0x1  Data  Gb  stm8s_itc.o [1]
data                    0x000115    0x2  Data  Gb  stm8s_itc.o [1]
dimming_judge           0x008dcc   0x91  Code  Gb  hal_digital.o [1]
dimming_judge::temp     0x000127    0x1  Data  Lc  hal_digital.o [1]
duty_step               0x008f50   0x66  Data  Gb  hal_digital.o [1]
exit                    0x009597    0x3  Code  Gb  exit.o [4]
flag                    0x000124    0x1  Data  Gb  hal_digital.o [1]
flag_pulse              0x00012c    0x1  Data  Gb  stm8s_itc.o [1]
g_a_duty                0x000011    0x4  Data  Gb  hal_digital.o [1]
g_adc_flag              0x00011d    0x1  Data  Gb  hal_digital.o [1]
g_data                  0x0000e3    0x4  Data  Gb  hal_digital.o [1]
g_flag_cct              0x000122    0x1  Data  Gb  hal_digital.o [1]
g_flag_uart             0x000120    0x1  Data  Gb  hal_digital.o [1]
g_flag_uart1            0x000121    0x1  Data  Gb  hal_digital.o [1]
g_interrupt_flag        0x000126    0x1  Data  Gb  hal_digital.o [1]
g_on_time               0x000111    0x2  Data  Gb  main.o [1]
g_pluse_count           0x0000fd    0x2  Data  Gb  hal_digital.o [1]
g_pulse_time1           0x0000f3    0x4  Data  Gb  stm8s_itc.o [1]
g_pulse_time2           0x0000f7    0x4  Data  Gb  stm8s_itc.o [1]
g_record_color_data     0x00011e    0x1  Data  Gb  hal_digital.o [1]
g_s_color_data          0x00011f    0x1  Data  Gb  hal_digital.o [1]
g_s_duty                0x0000e7    0x4  Data  Gb  hal_digital.o [1]
g_save_flag             0x000123    0x1  Data  Gb  hal_digital.o [1]
g_sys_flag              0x000010    0x1  Data  Gb  hal_digital.o [1]
g_time_base             0x000015    0x4  Data  Gb  main.o [1]
g_v_arr                 0x0000fb    0x2  Data  Gb  hal_digital.o [1]
get_adc_result          0x009012   0x56  Code  Gb  hal_digital.o [1]
index                   0x00012e    0x1  Data  Gb  stm8s_itc.o [1]
l                       0x00012d    0x1  Data  Gb  stm8s_itc.o [1]
main                    0x00845a  0x1af  Code  Gb  main.o [1]
main::count             0x000113    0x2  Data  Lc  main.o [1]
main::i                 0x00012a    0x1  Data  Lc  main.o [1]
period_time             0x000019    0x2  Data  Gb  stm8s_itc.o [1]
short_count             0x000125    0x1  Data  Gb  hal_digital.o [1]
test                    0x00001b   0xc8  Data  Gb  stm8s_itc.o [1]
wirte_count             0x0000ff    0x2  Data  Gb  hal_digital.o [1]


[1] = C:\C Pan\work\PC_TW\PC_TW\TW_40W\Obj
[2] = command line
[3] = dbgstm8smd.a
[4] = dlstm8smn.a

  4 954 bytes of readonly  code memory
    600 bytes of readonly  data memory
    559 bytes of readwrite data memory

Errors: none
Warnings: none
