###############################################################################
#
# IAR ELF Linker V3.10.1.201 for STM8                     13/May/2019  09:58:20
# Copyright 2010-2017 IAR Systems AB.
#
#    Output file  =  C:\C Pan\work\new pc\PC_TW\TW_40W\Exe\PC_TW.out
#    Map file     =  C:\C Pan\work\new pc\PC_TW\TW_40W\List\PC_TW.map
#    Command line =  
#        -f C:\Users\CHUNJU~1.JIA\AppData\Local\Temp\EW1053.tmp ("C:\C
#        Pan\work\new pc\PC_TW\TW_40W\Obj\hal_digital.o" "C:\C Pan\work\new
#        pc\PC_TW\TW_40W\Obj\main.o" "C:\C Pan\work\new
#        pc\PC_TW\TW_40W\Obj\stm8s_adc1.o" "C:\C Pan\work\new
#        pc\PC_TW\TW_40W\Obj\stm8s_clk.o" "C:\C Pan\work\new
#        pc\PC_TW\TW_40W\Obj\stm8s_exti.o" "C:\C Pan\work\new
#        pc\PC_TW\TW_40W\Obj\stm8s_flash.o" "C:\C Pan\work\new
#        pc\PC_TW\TW_40W\Obj\stm8s_gpio.o" "C:\C Pan\work\new
#        pc\PC_TW\TW_40W\Obj\stm8s_itc.o" "C:\C Pan\work\new
#        pc\PC_TW\TW_40W\Obj\stm8s_iwdg.o" "C:\C Pan\work\new
#        pc\PC_TW\TW_40W\Obj\stm8s_tim1.o" "C:\C Pan\work\new
#        pc\PC_TW\TW_40W\Obj\stm8s_tim2.o" "C:\C Pan\work\new
#        pc\PC_TW\TW_40W\Obj\stm8s_uart1.o" --redirect _Printf=_PrintfSmall
#        --redirect _Scanf=_ScanfSmall -o "C:\C Pan\work\new
#        pc\PC_TW\TW_40W\Exe\PC_TW.out" --map "C:\C Pan\work\new
#        pc\PC_TW\TW_40W\List\PC_TW.map" --config "C:\Program Files (x86)\IAR
#        Systems\Embedded Workbench 8.0\stm8\config\lnkstm8s103k3.icf"
#        --config_def _CSTACK_SIZE=0x100 --config_def _HEAP_SIZE=0x100 --entry
#        __iar_program_start --debug_lib)
#
###############################################################################

*******************************************************************************
*** RUNTIME MODEL ATTRIBUTES
***

__SystemLibrary            = DLib
__code_model               = small
__core                     = stm8
__data_model               = medium
__dlib_file_descriptor     = 0
__dlib_full_locale_support = 0
__rt_version               = 4


*******************************************************************************
*** PLACEMENT SUMMARY
***

"A0":  place at start of [0x000000-0x0000ff] { rw section .vregs };
"A1":  place at end of [0x000000-0x0003ff] { block CSTACK };
"P2":  place in [from 0x000000 to 0x0003ff] {
          block HEAP, rw section __DLIB_PERTHREAD, rw section .far.bss,
          rw section .far.data, rw section .far.noinit,
          rw section .far_func.textrw, rw section .huge.bss,
          rw section .huge.data, rw section .huge.noinit,
          rw section .huge_func.textrw, rw section .iar.dynexit,
          rw section .near.bss, rw section .near.data, rw section .near.noinit,
          rw section .near_func.textrw };
"A2":  place at start of [0x008000-0x009fff] { block INTVEC };
"P3":  place in [from 0x008000 to 0x009fff] {
          ro section __DLIB_PERTHREAD_init, ro section .far.data_init,
          ro section .far_func.textrw_init, ro section .huge.data_init,
          ro section .huge_func.textrw_init, ro section .iar.init_table,
          ro section .init_array, ro section .near.data_init,
          ro section .near.rodata, ro section .near_func.text,
          ro section .near_func.textrw_init, ro section .tiny.data_init,
          ro section .tiny.rodata_init };
"P4":  place in [from 0x008000 to 0x009fff] {
          ro section .far.rodata, ro section .far_func.text };
"P5":  place in [from 0x008000 to 0x009fff] {
          ro section .huge.rodata, ro section .huge_func.text };
do not initialize {
   rw section .eeprom.noinit, rw section .far.noinit, rw section .huge.noinit,
   rw section .near.noinit, rw section .tiny.noinit, rw section .vregs };
initialize by copy {
   rw section .far.bss, rw section .far.data, rw section .far_func.textrw,
   rw section .huge.bss, rw section .huge.data, rw section .huge_func.textrw,
   rw section .iar.dynexit, rw section .near.bss, rw section .near.data,
   rw section .near_func.textrw, rw section .tiny.bss, rw section .tiny.data,
   ro section .tiny.rodata };

  Section            Kind      Address    Size  Object
  -------            ----      -------    ----  ------
"A0":                                     0x10
  .vregs             uninit   0x000000    0x10  vregs.o [4]
                            - 0x000010    0x10

"P2", part 1 of 2:                         0x7
  P2-1                        0x000010     0x7  <Init block>
    .near.data       inited   0x000010     0x1  hal_digital.o [1]
    .near.data       inited   0x000011     0x4  hal_digital.o [1]
    .near.data       inited   0x000015     0x2  stm8s_itc.o [1]
                            - 0x000017     0x7

"P2", part 2 of 2:                       0x119
  .near.bss          zero     0x000017    0xc8  stm8s_itc.o [1]
  .near.bss          zero     0x0000df     0x4  hal_digital.o [1]
  .near.bss          zero     0x0000e3     0x4  hal_digital.o [1]
  .near.bss          zero     0x0000e7     0x4  hal_digital.o [1]
  .near.bss          zero     0x0000eb     0x4  hal_digital.o [1]
  .near.bss          zero     0x0000ef     0x4  stm8s_itc.o [1]
  .near.bss          zero     0x0000f3     0x4  stm8s_itc.o [1]
  .near.bss          zero     0x0000f7     0x2  hal_digital.o [1]
  .near.bss          zero     0x0000f9     0x2  hal_digital.o [1]
  .near.bss          zero     0x0000fb     0x2  hal_digital.o [1]
  .near.bss          zero     0x0000fd     0x2  hal_digital.o [1]
  .near.bss          zero     0x0000ff     0x2  hal_digital.o [1]
  .near.bss          zero     0x000101     0x2  hal_digital.o [1]
  .near.bss          zero     0x000103     0x2  hal_digital.o [1]
  .near.bss          zero     0x000105     0x2  hal_digital.o [1]
  .near.bss          zero     0x000107     0x2  hal_digital.o [1]
  .near.bss          zero     0x000109     0x2  hal_digital.o [1]
  .near.bss          zero     0x00010b     0x2  hal_digital.o [1]
  .near.bss          zero     0x00010d     0x2  hal_digital.o [1]
  .near.bss          zero     0x00010f     0x2  hal_digital.o [1]
  .near.bss          zero     0x000111     0x2  hal_digital.o [1]
  .near.bss          zero     0x000113     0x2  main.o [1]
  .near.bss          zero     0x000115     0x2  main.o [1]
  .near.bss          zero     0x000117     0x2  stm8s_itc.o [1]
  .near.bss          zero     0x000119     0x2  stm8s_itc.o [1]
  .near.bss          zero     0x00011b     0x2  stm8s_itc.o [1]
  .near.bss          zero     0x00011d     0x1  hal_digital.o [1]
  .near.bss          zero     0x00011e     0x1  hal_digital.o [1]
  .near.bss          zero     0x00011f     0x1  hal_digital.o [1]
  .near.bss          zero     0x000120     0x1  hal_digital.o [1]
  .near.bss          zero     0x000121     0x1  hal_digital.o [1]
  .near.bss          zero     0x000122     0x1  hal_digital.o [1]
  .near.bss          zero     0x000123     0x1  hal_digital.o [1]
  .near.bss          zero     0x000124     0x1  hal_digital.o [1]
  .near.bss          zero     0x000125     0x1  hal_digital.o [1]
  .near.bss          zero     0x000126     0x1  hal_digital.o [1]
  .near.bss          zero     0x000127     0x1  hal_digital.o [1]
  .near.bss          zero     0x000128     0x1  hal_digital.o [1]
  .near.bss          zero     0x000129     0x1  hal_digital.o [1]
  .near.bss          zero     0x00012a     0x1  main.o [1]
  .near.bss          zero     0x00012b     0x1  main.o [1]
  .near.bss          zero     0x00012c     0x1  stm8s_itc.o [1]
  .near.bss          zero     0x00012d     0x1  stm8s_itc.o [1]
  .near.bss          zero     0x00012e     0x1  stm8s_itc.o [1]
  .near.bss          zero     0x00012f     0x1  stm8s_itc.o [1]
                            - 0x000130   0x119

"A1":                                    0x100
  CSTACK                      0x000300   0x100  <Block>
    CSTACK           uninit   0x000300   0x100  <Block tail>
                            - 0x000400   0x100

"A2":                                     0x80
  INTVEC                      0x008000    0x80  <Block>
    .intvec          const    0x008000    0x80  interrupt.o [4]
                            - 0x008080    0x80

"P3-P5":                                0x1560
  .near_func.text    ro code  0x008080   0x226  stm8s_uart1.o [1]
  .near_func.text    ro code  0x0082a6   0x1b8  long.o [4]
  .near_func.text    ro code  0x00845e   0x197  main.o [1]
  .near_func.text    ro code  0x0085f5   0x13c  stm8s_itc.o [1]
  .near_func.text    ro code  0x008731   0x120  stm8s_itc.o [1]
  .near_func.text    ro code  0x008851   0x10e  stm8s_gpio.o [1]
  .near_func.text    ro code  0x00895f    0xf1  hal_digital.o [1]
  .near_func.text    ro code  0x008a50    0xe4  vreg_util.o [4]
  .near_func.text    ro code  0x008b34    0xce  stm8s_exti.o [1]
  .near_func.text    ro code  0x008c02    0xc7  hal_digital.o [1]
  .near_func.text    ro code  0x008cc9    0xc2  hal_digital.o [1]
  .near_func.text    ro code  0x008d8b    0x90  hal_digital.o [1]
  .near_func.text    ro code  0x008e1b    0x85  hal_digital.o [1]
  .near_func.text    ro code  0x008ea0    0x84  hal_digital.o [1]
  .near_func.text    ro code  0x008f24    0x7b  stm8s_clk.o [1]
  .near.rodata       const    0x008f9f    0x66  hal_digital.o [1]
  .near_func.text    ro code  0x009005    0x5c  stm8s_flash.o [1]
  .near_func.text    ro code  0x009061    0x56  hal_digital.o [1]
  .near_func.text    ro code  0x0090b7    0x52  stm8s_flash.o [1]
  .near_func.text    ro code  0x009109    0x51  hal_digital.o [1]
  .near_func.text    ro code  0x00915a    0x47  long_util.o [4]
  .near_func.text    ro code  0x0091a1    0x44  stm8s_iwdg.o [1]
  .near_func.text    ro code  0x0091e5    0x3d  stm8s_clk.o [1]
  .near_func.text    ro code  0x009222    0x3b  stm8s_flash.o [1]
  .near.rodata       const    0x00925d    0x39  stm8s_flash.o [1]
  .near.rodata       const    0x009296    0x39  stm8s_uart1.o [1]
  .near.rodata       const    0x0092cf    0x38  stm8s_exti.o [1]
  .near.rodata       const    0x009307    0x38  stm8s_gpio.o [1]
  .near.rodata       const    0x00933f    0x38  stm8s_iwdg.o [1]
  .near.rodata       const    0x009377    0x37  stm8s_clk.o [1]
  .near_func.text    ro code  0x0093ae    0x36  stm8s_clk.o [1]
  .near_func.text    ro code  0x0093e4    0x34  hal_digital.o [1]
  .near_func.text    ro code  0x009418    0x31  stm8s_adc1.o [1]
  .near_func.text    ro code  0x009449    0x2b  stm8s_flash.o [1]
  .near_func.text    ro code  0x009474    0x28  init_small.o [4]
  .near_func.text    ro code  0x00949c    0x25  dc_util.o [4]
  .iar.init_table    const    0x0094c1    0x12  - Linker created -
  .near_func.text    ro code  0x0094d3    0x1e  init_small.o [4]
  .near_func.text    ro code  0x0094f1    0x1a  hal_digital.o [1]
  .near_func.text    ro code  0x00950b    0x17  hal_digital.o [1]
  .near_func.text    ro code  0x009522    0x14  init.o [4]
  .near_func.text    ro code  0x009536    0x14  __dbg_xxexit.o [3]
  .near_func.text    ro code  0x00954a    0x13  cstartup.o [4]
  .near_func.text    ro code  0x00955d     0xe  stm8s_uart1.o [1]
  .near_func.text    ro code  0x00956b     0xd  short.o [4]
  .near_func.text    ro code  0x009578     0x9  stm8s_tim1.o [1]
  .near_func.text    ro code  0x009581     0x9  stm8s_tim1.o [1]
  .near_func.text    ro code  0x00958a     0x8  hal_digital.o [1]
  .near_func.text    ro code  0x009592     0x8  stm8s_gpio.o [1]
  .near_func.text    ro code  0x00959a     0x7  stm8s_gpio.o [1]
  Initializer bytes  const    0x0095a1     0x7  <for P2-1>
  .near_func.text    ro code  0x0095a8     0x6  char.o [4]
  .near_func.text    ro code  0x0095ae     0x5  cexit.o [4]
  .near.rodata       const    0x0095b3     0x4  stm8s_clk.o [1]
  .near_func.text    ro code  0x0095b7     0x4  stm8s_iwdg.o [1]
  .near_func.text    ro code  0x0095bb     0x4  stm8s_uart1.o [1]
  .near_func.text    ro code  0x0095bf     0x3  interrupt.o [4]
  .near_func.text    ro code  0x0095c2     0x3  low_level_init.o [4]
  .near_func.text    ro code  0x0095c5     0x3  exit.o [4]
  .near_func.text    ro code  0x0095c8     0x3  unhandled_exception.o [4]
  .near_func.text    ro code  0x0095cb     0x2  main.o [1]
  .near_func.text    ro code  0x0095cd     0x1  stm8s_itc.o [1]
  .near_func.text    ro code  0x0095ce     0x1  stm8s_itc.o [1]
  .near_func.text    ro code  0x0095cf     0x1  stm8s_itc.o [1]
  .near_func.text    ro code  0x0095d0     0x1  stm8s_itc.o [1]
  .near_func.text    ro code  0x0095d1     0x1  stm8s_itc.o [1]
  .near_func.text    ro code  0x0095d2     0x1  stm8s_itc.o [1]
  .near_func.text    ro code  0x0095d3     0x1  stm8s_itc.o [1]
  .near_func.text    ro code  0x0095d4     0x1  stm8s_itc.o [1]
  .near_func.text    ro code  0x0095d5     0x1  stm8s_itc.o [1]
  .near_func.text    ro code  0x0095d6     0x1  stm8s_itc.o [1]
  .near_func.text    ro code  0x0095d7     0x1  stm8s_itc.o [1]
  .near_func.text    ro code  0x0095d8     0x1  stm8s_itc.o [1]
  .near_func.text    ro code  0x0095d9     0x1  stm8s_itc.o [1]
  .near_func.text    ro code  0x0095da     0x1  stm8s_itc.o [1]
  .near_func.text    ro code  0x0095db     0x1  stm8s_itc.o [1]
  .near_func.text    ro code  0x0095dc     0x1  stm8s_itc.o [1]
  .near_func.text    ro code  0x0095dd     0x1  stm8s_itc.o [1]
  .near_func.text    ro code  0x0095de     0x1  stm8s_itc.o [1]
  .near_func.text    ro code  0x0095df     0x1  __dbg_break.o [3]
                            - 0x0095e0  0x1560


*******************************************************************************
*** INIT TABLE
***

          Address   Size
          -------   ----
Zero (__iar_zero_init2)
    1 destination range, total size 0x119:
          0x000017  0x119

Copy (__iar_copy_init2)
    1 source range, total size 0x7:
          0x0095a1    0x7
    1 destination range, total size 0x7:
          0x000010    0x7



*******************************************************************************
*** MODULE SUMMARY
***

    Module                 ro code  ro data  rw data
    ------                 -------  -------  -------
C:\C Pan\work\new pc\PC_TW\TW_40W\Obj: [1]
    hal_digital.o            1 319      107       62
    main.o                     409                 6
    stm8s_adc1.o                49
    stm8s_clk.o                238       59
    stm8s_exti.o               206       56
    stm8s_flash.o              276       57
    stm8s_gpio.o               285       56
    stm8s_itc.o                622        2      220
    stm8s_iwdg.o                72       56
    stm8s_tim1.o                18
    stm8s_uart1.o              568       57
    ------------------------------------------------
    Total:                   4 062      450      288

command line: [2]
    ------------------------------------------------
    Total:

dbgstm8smd.a: [3]
    __dbg_break.o                1
    __dbg_xxexit.o              20
    ------------------------------------------------
    Total:                      21

dlstm8smn.a: [4]
    cexit.o                      5
    char.o                       6
    cstartup.o                  19
    dc_util.o                   37
    exit.o                       3
    init.o                      20
    init_small.o                70
    interrupt.o                  3      128
    long.o                     440
    long_util.o                 71
    low_level_init.o             3
    short.o                     13
    unhandled_exception.o        3
    vreg_util.o                228
    vregs.o                                       16
    ------------------------------------------------
    Total:                     921      128       16

    Linker created                       18      256
----------------------------------------------------
    Grand Total:             5 004      596      560


*******************************************************************************
*** ENTRY LIST
***

Entry                    Address   Size  Type      Object
-----                    -------   ----  ----      ------
.iar.init_table$$Base   0x0094c1          --   Gb  - Linker created -
.iar.init_table$$Limit  0x0094d3          --   Gb  - Linker created -
?add32_l0_l0_0x         0x0082d7         Code  Gb  long.o [4]
?add32_l0_l0_dl         0x0082d2         Code  Gb  long.o [4]
?b0                     0x000000         Data  Gb  vregs.o [4]
?b1                     0x000001         Data  Gb  vregs.o [4]
?b10                    0x00000a         Data  Gb  vregs.o [4]
?b11                    0x00000b         Data  Gb  vregs.o [4]
?b12                    0x00000c         Data  Gb  vregs.o [4]
?b13                    0x00000d         Data  Gb  vregs.o [4]
?b14                    0x00000e         Data  Gb  vregs.o [4]
?b15                    0x00000f         Data  Gb  vregs.o [4]
?b2                     0x000002         Data  Gb  vregs.o [4]
?b3                     0x000003         Data  Gb  vregs.o [4]
?b4                     0x000004         Data  Gb  vregs.o [4]
?b5                     0x000005         Data  Gb  vregs.o [4]
?b6                     0x000006         Data  Gb  vregs.o [4]
?b7                     0x000007         Data  Gb  vregs.o [4]
?b8                     0x000008         Data  Gb  vregs.o [4]
?b9                     0x000009         Data  Gb  vregs.o [4]
?dc32_l0                0x00949c         Code  Gb  dc_util.o [4]
?dc32_l1                0x0094a9         Code  Gb  dc_util.o [4]
?dc32_px                0x0094b6         Code  Gb  dc_util.o [4]
?dec32_0x_0x            0x0082be         Code  Gb  long.o [4]
?dec32_l0_l0            0x0082b9         Code  Gb  long.o [4]
?e0                     0x000001         Data  Gb  vregs.o [4]
?e1                     0x000005         Data  Gb  vregs.o [4]
?e2                     0x000009         Data  Gb  vregs.o [4]
?e3                     0x00000d         Data  Gb  vregs.o [4]
?epilogue_l2            0x008aeb         Code  Gb  vreg_util.o [4]
?epilogue_l2_l3         0x008ae8         Code  Gb  vreg_util.o [4]
?epilogue_w4            0x008aef         Code  Gb  vreg_util.o [4]
?inc32_0x_0x            0x0082ab         Code  Gb  long.o [4]
?inc32_l0_l0            0x0082a6         Code  Gb  long.o [4]
?l0                     0x000000         Data  Gb  vregs.o [4]
?l1                     0x000004         Data  Gb  vregs.o [4]
?l2                     0x000008         Data  Gb  vregs.o [4]
?l3                     0x00000c         Data  Gb  vregs.o [4]
?load32_0x_l0           0x009193         Code  Gb  long_util.o [4]
?load32_asp_l0          0x009187         Code  Gb  long_util.o [4]
?load32_dbsp_l0         0x009182         Code  Gb  long_util.o [4]
?load32_l0_0x           0x00916a         Code  Gb  long_util.o [4]
?load32_l0_asp          0x00915f         Code  Gb  long_util.o [4]
?load32_l0_dbsp         0x00915a         Code  Gb  long_util.o [4]
?load32_l0_xsp          0x009161         Code  Gb  long_util.o [4]
?load32_l1_0x           0x009176         Code  Gb  long_util.o [4]
?load32_xsp_l0          0x009189         Code  Gb  long_util.o [4]
?mov_e0_e2              0x008af6         Code  Gb  vreg_util.o [4]
?mov_e0_e3              0x008b03         Code  Gb  vreg_util.o [4]
?mov_e1_e0              0x008b10         Code  Gb  vreg_util.o [4]
?mov_e2_e0              0x008b1d         Code  Gb  vreg_util.o [4]
?mov_e3_e0              0x008b2a         Code  Gb  vreg_util.o [4]
?mov_l0_l2              0x008af3         Code  Gb  vreg_util.o [4]
?mov_l0_l3              0x008b00         Code  Gb  vreg_util.o [4]
?mov_l1_l0              0x008b0d         Code  Gb  vreg_util.o [4]
?mov_l2_l0              0x008b1a         Code  Gb  vreg_util.o [4]
?mov_l3_l0              0x008b27         Code  Gb  vreg_util.o [4]
?mov_w1_w5              0x008af9         Code  Gb  vreg_util.o [4]
?mov_w1_w7              0x008b06         Code  Gb  vreg_util.o [4]
?mov_w3_w1              0x008b13         Code  Gb  vreg_util.o [4]
?mov_w5_w1              0x008b20         Code  Gb  vreg_util.o [4]
?mov_w7_w1              0x008b2d         Code  Gb  vreg_util.o [4]
?mul32_l0_l0_0x         0x008310         Code  Gb  long.o [4]
?mul32_l0_l0_dl         0x00830d         Code  Gb  long.o [4]
?mul32_l0_l0_l1         0x008319         Code  Gb  long.o [4]
?pop_l0                 0x008ab4         Code  Gb  vreg_util.o [4]
?pop_l1                 0x008abf         Code  Gb  vreg_util.o [4]
?pop_l2                 0x008aca         Code  Gb  vreg_util.o [4]
?pop_l3                 0x008ad5         Code  Gb  vreg_util.o [4]
?pop_w4                 0x008a6d         Code  Gb  vreg_util.o [4]
?pop_w6                 0x008a74         Code  Gb  vreg_util.o [4]
?push_l0                0x008a83         Code  Gb  vreg_util.o [4]
?push_l1                0x008a88         Code  Gb  vreg_util.o [4]
?push_l2                0x008a8d         Code  Gb  vreg_util.o [4]
?push_l3                0x008a92         Code  Gb  vreg_util.o [4]
?push_w4                0x008a50         Code  Gb  vreg_util.o [4]
?push_w6                0x008a55         Code  Gb  vreg_util.o [4]
?scmp32_c_l0_0x         0x00841c         Code  Gb  long.o [4]
?scmp32_c_l0_l1         0x008425         Code  Gb  long.o [4]
?sll16_x_x_a            0x00956b         Code  Gb  short.o [4]
?sll32_0x_0x_a          0x00843f         Code  Gb  long.o [4]
?sll32_l0_l0_a          0x00843c         Code  Gb  long.o [4]
?sll8_a_a_5             0x0095a9         Code  Gb  char.o [4]
?sll8_a_a_6             0x0095a8         Code  Gb  char.o [4]
?sra32_0x_0x_a          0x008450         Code  Gb  long.o [4]
?sra32_l0_l0_a          0x00844d         Code  Gb  long.o [4]
?srl16_x_x_4            0x009573         Code  Gb  short.o [4]
?sub32_l0_dl_l1         0x0082ef         Code  Gb  long.o [4]
?sub32_l0_l0_0x         0x0082f5         Code  Gb  long.o [4]
?sub32_l0_l0_l1         0x0082f2         Code  Gb  long.o [4]
?ucmp32_c_l0_0x         0x00840c         Code  Gb  long.o [4]
?udiv32_l0_dl_l1        0x008397         Code  Gb  long.o [4]
?udiv32_l0_l0_dl        0x00839c         Code  Gb  long.o [4]
?udiv32_l0_l0_l1        0x00839f         Code  Gb  long.o [4]
?umod32_l1_l0_l1        0x00839f         Code  Gb  long.o [4]
?w0                     0x000000         Data  Gb  vregs.o [4]
?w1                     0x000002         Data  Gb  vregs.o [4]
?w2                     0x000004         Data  Gb  vregs.o [4]
?w3                     0x000006         Data  Gb  vregs.o [4]
?w4                     0x000008         Data  Gb  vregs.o [4]
?w5                     0x00000a         Data  Gb  vregs.o [4]
?w6                     0x00000c         Data  Gb  vregs.o [4]
?w7                     0x00000e         Data  Gb  vregs.o [4]
ADC1_DeInit             0x009418   0x31  Code  Gb  stm8s_adc1.o [1]
ADC1_IRQHandler         0x0095dc    0x1  Code  Gb  stm8s_itc.o [1]
ADC_Config              0x009109   0x51  Code  Gb  hal_digital.o [1]
AWU_IRQHandler          0x0095cf    0x1  Code  Gb  stm8s_itc.o [1]
CLK_Config              0x00958a    0x8  Code  Gb  hal_digital.o [1]
CLK_DeInit              0x0093ae   0x36  Code  Gb  stm8s_clk.o [1]
CLK_GetClockFreq        0x008f24   0x7b  Code  Gb  stm8s_clk.o [1]
CLK_HSIPrescalerConfig  0x0091e5   0x3d  Code  Gb  stm8s_clk.o [1]
CLK_IRQHandler          0x0095d0    0x1  Code  Gb  stm8s_itc.o [1]
CSTACK$$Base            0x000300          --   Gb  - Linker created -
CSTACK$$Limit           0x000400          --   Gb  - Linker created -
Color_data_save         0x00895f   0xf1  Code  Gb  hal_digital.o [1]
Color_data_save::count  0x000129    0x1  Data  Lc  hal_digital.o [1]
Color_data_save::save_count
                        0x000128    0x1  Data  Lc  hal_digital.o [1]
EEPROM_EEC_IRQHandler   0x0095de    0x1  Code  Gb  stm8s_itc.o [1]
EXTI_PORTA_IRQHandler   0x0095d1    0x1  Code  Gb  stm8s_itc.o [1]
EXTI_PORTB_IRQHandler   0x0095d2    0x1  Code  Gb  stm8s_itc.o [1]
EXTI_PORTC_IRQHandler   0x0095d3    0x1  Code  Gb  stm8s_itc.o [1]
EXTI_PORTD_IRQHandler   0x0085f5  0x13c  Code  Gb  stm8s_itc.o [1]
EXTI_PORTE_IRQHandler   0x0095d4    0x1  Code  Gb  stm8s_itc.o [1]
EXTI_SetExtIntSensitivity
                        0x008b34   0xce  Code  Gb  stm8s_exti.o [1]
FLASH_Lock              0x009449   0x2b  Code  Gb  stm8s_flash.o [1]
FLASH_ProgramByte       0x009005   0x5c  Code  Gb  stm8s_flash.o [1]
FLASH_ReadByte          0x0090b7   0x52  Code  Gb  stm8s_flash.o [1]
FLASH_Unlock            0x009222   0x3b  Code  Gb  stm8s_flash.o [1]
GPIO_Config             0x008ea0   0x84  Code  Gb  hal_digital.o [1]
GPIO_Init               0x008851  0x10e  Code  Gb  stm8s_gpio.o [1]
GPIO_WriteHigh          0x00959a    0x7  Code  Gb  stm8s_gpio.o [1]
GPIO_WriteLow           0x009592    0x8  Code  Gb  stm8s_gpio.o [1]
HSIDivFactor            0x0095b3    0x4  Data  Gb  stm8s_clk.o [1]
I2C_IRQHandler          0x0095db    0x1  Code  Gb  stm8s_itc.o [1]
INTVEC$$Base            0x008000          --   Gb  - Linker created -
INTVEC$$Limit           0x008080          --   Gb  - Linker created -
IWDG_Config             0x00950b   0x17  Code  Gb  hal_digital.o [1]
IWDG_SetPrescaler       0x0091a1   0x44  Code  Gb  stm8s_iwdg.o [1]
IWDG_SetReload          0x0095b7    0x4  Code  Gb  stm8s_iwdg.o [1]
MCU_Ini                 0x0093e4   0x34  Code  Gb  hal_digital.o [1]
Region$$Table$$Base     0x0094c1          --   Gb  - Linker created -
Region$$Table$$Limit    0x0094d3          --   Gb  - Linker created -
SPI_IRQHandler          0x0095d5    0x1  Code  Gb  stm8s_itc.o [1]
Short_protect           0x008c02   0xc7  Code  Gb  hal_digital.o [1]
Short_protect::count    0x00010f    0x2  Data  Lc  hal_digital.o [1]
Short_protect::delay    0x00010d    0x2  Data  Lc  hal_digital.o [1]
Short_protect::short_time
                        0x000111    0x2  Data  Lc  hal_digital.o [1]
TIM1_CAP_COM_IRQHandler
                        0x0095d7    0x1  Code  Gb  stm8s_itc.o [1]
TIM1_SetCompare3        0x009578    0x9  Code  Gb  stm8s_tim1.o [1]
TIM1_SetCompare4        0x009581    0x9  Code  Gb  stm8s_tim1.o [1]
TIM1_UPD_OVF_TRG_BRK_IRQHandler
                        0x0095d6    0x1  Code  Gb  stm8s_itc.o [1]
TIM2_CAP_COM_IRQHandler
                        0x0095d8    0x1  Code  Gb  stm8s_itc.o [1]
TIM2_UPD_OVF_BRK_IRQHandler
                        0x008731  0x120  Code  Gb  stm8s_itc.o [1]
TIM2_UPD_OVF_BRK_IRQHandler::ad_count
                        0x00011b    0x2  Data  Lc  stm8s_itc.o [1]
TIM2_UPD_OVF_BRK_IRQHandler::sys_count
                        0x000119    0x2  Data  Lc  stm8s_itc.o [1]
TIM4_UPD_OVF_IRQHandler
                        0x0095dd    0x1  Code  Gb  stm8s_itc.o [1]
TLI_IRQHandler          0x0095ce    0x1  Code  Gb  stm8s_itc.o [1]
TRAP_IRQHandler         0x0095cd    0x1  Code  Gb  stm8s_itc.o [1]
Time1_Config            0x008e1b   0x85  Code  Gb  hal_digital.o [1]
Time2_Config            0x0094f1   0x1a  Code  Gb  hal_digital.o [1]
UART1_Cmd               0x00955d    0xe  Code  Gb  stm8s_uart1.o [1]
UART1_Init              0x008080  0x226  Code  Gb  stm8s_uart1.o [1]
UART1_RX_IRQHandler     0x0095da    0x1  Code  Gb  stm8s_itc.o [1]
UART1_SendData8         0x0095bb    0x4  Code  Gb  stm8s_uart1.o [1]
UART1_TX_IRQHandler     0x0095d9    0x1  Code  Gb  stm8s_itc.o [1]
V_Sample                0x008cc9   0xc2  Code  Gb  hal_digital.o [1]
V_Sample::s_data_1      0x0000fd    0x2  Data  Lc  hal_digital.o [1]
V_Sample::s_data_2      0x0000ff    0x2  Data  Lc  hal_digital.o [1]
V_Sample::s_data_3      0x000101    0x2  Data  Lc  hal_digital.o [1]
V_Sample::s_data_4      0x000103    0x2  Data  Lc  hal_digital.o [1]
V_Sample::s_data_5      0x000105    0x2  Data  Lc  hal_digital.o [1]
V_Sample::s_data_6      0x000107    0x2  Data  Lc  hal_digital.o [1]
V_Sample::s_data_7      0x000109    0x2  Data  Lc  hal_digital.o [1]
V_Sample::s_data_8      0x00010b    0x2  Data  Lc  hal_digital.o [1]
V_Sample::temp1         0x0000e7    0x4  Data  Lc  hal_digital.o [1]
V_Sample::temp2         0x0000eb    0x4  Data  Lc  hal_digital.o [1]
__DebugBreak            0x0095df    0x1  Code  Gb  __dbg_break.o [3]
__exit                  0x009536   0x14  Code  Gb  __dbg_xxexit.o [3]
__iar_copy_init2        0x009474         Code  Gb  init_small.o [4]
__iar_data_init2        0x009522   0x14  Code  Gb  init.o [4]
__iar_program_start     0x00954a         Code  Gb  cstartup.o [4]
__iar_unhandled_exception
                        0x0095c8         Code  Gb  unhandled_exception.o [4]
__iar_zero_init2        0x0094d3         Code  Gb  init_small.o [4]
__intvec                0x008000         Data  Gb  interrupt.o [4]
__low_level_init        0x0095c2    0x3  Code  Gb  low_level_init.o [4]
_exit                   0x0095ae         Code  Gb  cexit.o [4]
_interrupt_1            0x0095cd         Code  Gb  stm8s_itc.o [1]
_interrupt_12           0x0095d5         Code  Gb  stm8s_itc.o [1]
_interrupt_13           0x0095d6         Code  Gb  stm8s_itc.o [1]
_interrupt_14           0x0095d7         Code  Gb  stm8s_itc.o [1]
_interrupt_15           0x008731         Code  Gb  stm8s_itc.o [1]
_interrupt_16           0x0095d8         Code  Gb  stm8s_itc.o [1]
_interrupt_19           0x0095d9         Code  Gb  stm8s_itc.o [1]
_interrupt_2            0x0095ce         Code  Gb  stm8s_itc.o [1]
_interrupt_20           0x0095da         Code  Gb  stm8s_itc.o [1]
_interrupt_21           0x0095db         Code  Gb  stm8s_itc.o [1]
_interrupt_24           0x0095dc         Code  Gb  stm8s_itc.o [1]
_interrupt_25           0x0095dd         Code  Gb  stm8s_itc.o [1]
_interrupt_26           0x0095de         Code  Gb  stm8s_itc.o [1]
_interrupt_3            0x0095cf         Code  Gb  stm8s_itc.o [1]
_interrupt_4            0x0095d0         Code  Gb  stm8s_itc.o [1]
_interrupt_5            0x0095d1         Code  Gb  stm8s_itc.o [1]
_interrupt_6            0x0095d2         Code  Gb  stm8s_itc.o [1]
_interrupt_7            0x0095d3         Code  Gb  stm8s_itc.o [1]
_interrupt_8            0x0085f5         Code  Gb  stm8s_itc.o [1]
_interrupt_9            0x0095d4         Code  Gb  stm8s_itc.o [1]
assert_failed           0x0095cb    0x2  Code  Gb  main.o [1]
count_flag              0x00012c    0x1  Data  Gb  stm8s_itc.o [1]
data                    0x000117    0x2  Data  Gb  stm8s_itc.o [1]
dimming_judge           0x008d8b   0x90  Code  Gb  hal_digital.o [1]
dimming_judge::temp     0x000127    0x1  Data  Lc  hal_digital.o [1]
duty_step               0x008f9f   0x66  Data  Gb  hal_digital.o [1]
exit                    0x0095c5    0x3  Code  Gb  exit.o [4]
flag                    0x000124    0x1  Data  Gb  hal_digital.o [1]
flag_pulse              0x00012d    0x1  Data  Gb  stm8s_itc.o [1]
g_a_duty                0x000011    0x4  Data  Gb  hal_digital.o [1]
g_adc_flag              0x00011d    0x1  Data  Gb  hal_digital.o [1]
g_data                  0x0000df    0x4  Data  Gb  hal_digital.o [1]
g_flag_cct              0x000122    0x1  Data  Gb  hal_digital.o [1]
g_flag_uart             0x000120    0x1  Data  Gb  hal_digital.o [1]
g_flag_uart1            0x000121    0x1  Data  Gb  hal_digital.o [1]
g_on_time               0x000113    0x2  Data  Gb  main.o [1]
g_pluse_count           0x0000f9    0x2  Data  Gb  hal_digital.o [1]
g_pulse_time1           0x0000ef    0x4  Data  Gb  stm8s_itc.o [1]
g_pulse_time2           0x0000f3    0x4  Data  Gb  stm8s_itc.o [1]
g_record_color_data     0x00011e    0x1  Data  Gb  hal_digital.o [1]
g_s_color_data          0x00011f    0x1  Data  Gb  hal_digital.o [1]
g_s_duty                0x0000e3    0x4  Data  Gb  hal_digital.o [1]
g_save_flag             0x000123    0x1  Data  Gb  hal_digital.o [1]
g_sys_flag              0x000010    0x1  Data  Gb  hal_digital.o [1]
g_test_io               0x00012a    0x1  Data  Gb  main.o [1]
g_v_arr                 0x0000f7    0x2  Data  Gb  hal_digital.o [1]
get_adc_result          0x009061   0x56  Code  Gb  hal_digital.o [1]
index                   0x00012f    0x1  Data  Gb  stm8s_itc.o [1]
l                       0x00012e    0x1  Data  Gb  stm8s_itc.o [1]
main                    0x00845e  0x197  Code  Gb  main.o [1]
main::count             0x000115    0x2  Data  Lc  main.o [1]
main::i                 0x00012b    0x1  Data  Lc  main.o [1]
period_time             0x000015    0x2  Data  Gb  stm8s_itc.o [1]
short_count             0x000126    0x1  Data  Gb  hal_digital.o [1]
short_flag              0x000125    0x1  Data  Gb  hal_digital.o [1]
test                    0x000017   0xc8  Data  Gb  stm8s_itc.o [1]
wirte_count             0x0000fb    0x2  Data  Gb  hal_digital.o [1]


[1] = C:\C Pan\work\new pc\PC_TW\TW_40W\Obj
[2] = command line
[3] = dbgstm8smd.a
[4] = dlstm8smn.a

  5 004 bytes of readonly  code memory
    596 bytes of readonly  data memory
    560 bytes of readwrite data memory

Errors: none
Warnings: none
